09/09/2026 11:56:02 AM: Meter MTR2: Current reading 760 is less than previous reading 800
09/09/2026 12:08:30 PM: Meter MTR2: Current reading 760 is less than previous reading 800
09/09/2026 12:08:30 PM: Meter MTR1: No tariff found for DOMESTIC
09/09/2026 12:08:30 PM: Meter MTR3: No tariff found for COMMERCIAL
09/09/2026 12:08:30 PM: Meter MTR4: No tariff found for SOLAR9
09/09/2026 12:08:30 PM: Meter MTR5: No tariff found for COMMERCIAL
09/09/2026 12:08:30 PM: Meter MTR1: No tariff found for DOMESTIC
09/09/2026 12:08:30 PM: Meter MTR3: No tariff found for COMMERCIAL
09/09/2026 12:08:30 PM: Meter MTR4: No tariff found for SOLAR9
09/09/2026 12:08:30 PM: Meter MTR5: No tariff found for COMMERCIAL
09/09/2026 12:08:30 PM: Meter MTR1: No tariff found for DOMESTIC
09/09/2026 12:08:30 PM: Meter MTR1: No tariff found for DOMESTIC
09/09/2026 12:08:30 PM: Meter MTR3: No tariff found for COMMERCIAL
09/09/2026 12:08:30 PM: Meter MTR4: No tariff found for SOLAR9
09/09/2026 12:08:30 PM: Meter MTR5: No tariff found for COMMERCIAL
09/09/2026 12:22:56 PM: Meter MTR2: Current reading 760 is less than previous reading 800
09/09/2026 12:22:56 PM: Meter MTR1: An error occurred while saving the entity changes. See the inner exception for details.
09/09/2026 12:22:56 PM: Meter MTR3: An error occurred while saving the entity changes. See the inner exception for details.
09/09/2026 12:22:56 PM: Meter MTR4: No tariff found for SOLAR9
09/09/2026 12:22:56 PM: Meter MTR5: An error occurred while saving the entity changes. See the inner exception for details.
09/09/2026 12:22:56 PM: Meter MTR1: An error occurred while saving the entity changes. See the inner exception for details.
09/09/2026 12:22:56 PM: Meter MTR3: An error occurred while saving the entity changes. See the inner exception for details.
09/09/2026 12:22:56 PM: Meter MTR4: No tariff found for SOLAR9
09/09/2026 12:22:56 PM: Meter MTR5: An error occurred while saving the entity changes. See the inner exception for details.
09/09/2026 12:22:56 PM: Meter MTR1: An error occurred while saving the entity changes. See the inner exception for details.
09/09/2026 12:22:56 PM: Meter MTR1: An error occurred while saving the entity changes. See the inner exception for details.
09/09/2026 12:22:56 PM: Meter MTR3: An error occurred while saving the entity changes. See the inner exception for details.
09/09/2026 12:22:56 PM: Meter MTR4: No tariff found for SOLAR9
09/09/2026 12:22:56 PM: Meter MTR5: An error occurred while saving the entity changes. See the inner exception for details.
09/09/2026 12:22:56 PM: Meter MTR1: An error occurred while saving the entity changes. See the inner exception for details.
09/09/2026 12:22:56 PM: Meter MTR3: An error occurred while saving the entity changes. See the inner exception for details.
09/09/2026 12:22:56 PM: Meter MTR4: No tariff found for SOLAR9
09/09/2026 12:22:56 PM: Meter MTR5: An error occurred while saving the entity changes. See the inner exception for details.
09/09/2026 12:24:01 PM: Meter MTR2: Current reading 760 is less than previous reading 800
09/09/2026 12:24:01 PM: Meter MTR1: An error occurred while saving the entity changes. See the inner exception for details.
09/09/2026 12:24:01 PM: Meter MTR3: An error occurred while saving the entity changes. See the inner exception for details.
09/09/2026 12:24:01 PM: Meter MTR4: No tariff found for SOLAR9
09/09/2026 12:24:01 PM: Meter MTR5: An error occurred while saving the entity changes. See the inner exception for details.
09/09/2026 12:24:01 PM: Meter MTR1: An error occurred while saving the entity changes. See the inner exception for details.
09/09/2026 12:24:01 PM: Meter MTR3: An error occurred while saving the entity changes. See the inner exception for details.
09/09/2026 12:24:01 PM: Meter MTR4: No tariff found for SOLAR9
09/09/2026 12:24:01 PM: Meter MTR5: An error occurred while saving the entity changes. See the inner exception for details.
09/09/2026 12:24:01 PM: Meter MTR1: An error occurred while saving the entity changes. See the inner exception for details.
09/09/2026 12:24:01 PM: Meter MTR1: An error occurred while saving the entity changes. See the inner exception for details.
09/09/2026 12:24:01 PM: Meter MTR3: An error occurred while saving the entity changes. See the inner exception for details.
09/09/2026 12:24:01 PM: Meter MTR4: No tariff found for SOLAR9
09/09/2026 12:24:01 PM: Meter MTR5: An error occurred while saving the entity changes. See the inner exception for details.
09/09/2026 12:24:01 PM: Meter MTR1: An error occurred while saving the entity changes. See the inner exception for details.
09/09/2026 12:24:01 PM: Meter MTR3: An error occurred while saving the entity changes. See the inner exception for details.
09/09/2026 12:24:01 PM: Meter MTR4: No tariff found for SOLAR9
09/09/2026 12:24:01 PM: Meter MTR5: An error occurred while saving the entity changes. See the inner exception for details.
09/09/2026 12:24:01 PM: Meter MTR1: An error occurred while saving the entity changes. See the inner exception for details.
09/09/2026 12:24:01 PM: Meter MTR3: An error occurred while saving the entity changes. See the inner exception for details.
09/09/2026 12:24:01 PM: Meter MTR4: No tariff found for SOLAR9
09/09/2026 12:24:01 PM: Meter MTR5: An error occurred while saving the entity changes. See the inner exception for details.
09/09/2026 12:26:37 PM: Meter MTR2: Current reading 760 is less than previous reading 800
09/09/2026 12:26:37 PM: Meter MTR1: An error occurred while saving the entity changes. See the inner exception for details.
09/09/2026 12:26:37 PM: Meter MTR3: An error occurred while saving the entity changes. See the inner exception for details.
09/09/2026 12:26:37 PM: Meter MTR4: No tariff found for SOLAR9
09/09/2026 12:26:37 PM: Meter MTR5: An error occurred while saving the entity changes. See the inner exception for details.
09/09/2026 12:26:37 PM: Meter MTR1: An error occurred while saving the entity changes. See the inner exception for details.
09/09/2026 12:26:37 PM: Meter MTR3: An error occurred while saving the entity changes. See the inner exception for details.
09/09/2026 12:26:37 PM: Meter MTR4: No tariff found for SOLAR9
09/09/2026 12:26:37 PM: Meter MTR5: An error occurred while saving the entity changes. See the inner exception for details.
09/09/2026 12:26:37 PM: Meter MTR1: An error occurred while saving the entity changes. See the inner exception for details.
09/09/2026 12:26:37 PM: Meter MTR1: An error occurred while saving the entity changes. See the inner exception for details.
09/09/2026 12:26:37 PM: Meter MTR3: An error occurred while saving the entity changes. See the inner exception for details.
09/09/2026 12:26:37 PM: Meter MTR4: No tariff found for SOLAR9
09/09/2026 12:26:37 PM: Meter MTR5: An error occurred while saving the entity changes. See the inner exception for details.
09/09/2026 12:26:37 PM: Meter MTR1: An error occurred while saving the entity changes. See the inner exception for details.
09/09/2026 12:26:37 PM: Meter MTR3: An error occurred while saving the entity changes. See the inner exception for details.
09/09/2026 12:26:37 PM: Meter MTR4: No tariff found for SOLAR9
09/09/2026 12:26:37 PM: Meter MTR5: An error occurred while saving the entity changes. See the inner exception for details.
09/09/2026 12:26:37 PM: Meter MTR1: An error occurred while saving the entity changes. See the inner exception for details.
09/09/2026 12:26:37 PM: Meter MTR3: An error occurred while saving the entity changes. See the inner exception for details.
09/09/2026 12:26:37 PM: Meter MTR4: No tariff found for SOLAR9
09/09/2026 12:26:37 PM: Meter MTR5: An error occurred while saving the entity changes. See the inner exception for details.
09/09/2026 12:26:37 PM: Meter MTR1: An error occurred while saving the entity changes. See the inner exception for details.
09/09/2026 12:26:37 PM: Meter MTR3: An error occurred while saving the entity changes. See the inner exception for details.
09/09/2026 12:26:37 PM: Meter MTR4: No tariff found for SOLAR9
09/09/2026 12:26:37 PM: Meter MTR5: An error occurred while saving the entity changes. See the inner exception for details.
09/09/2026 12:28:05 PM: 3D000: database "MeterDb" does not exist
09/09/2026 12:28:05 PM: Meter MTR2: Current reading 760 is less than previous reading 800
09/09/2026 12:28:05 PM: 3D000: database "MeterDb" does not exist
09/09/2026 12:28:05 PM: 3D000: database "MeterDb" does not exist
09/09/2026 12:28:05 PM: 3D000: database "MeterDb" does not exist
09/09/2026 12:28:05 PM: 3D000: database "MeterDb" does not exist
09/09/2026 12:28:57 PM: 3D000: database "MeterDb" does not exist
09/09/2026 12:28:57 PM: Meter MTR2: Current reading 760 is less than previous reading 800
09/09/2026 12:28:57 PM: 3D000: database "MeterDb" does not exist
09/09/2026 12:28:57 PM: 3D000: database "MeterDb" does not exist
09/09/2026 12:28:57 PM: 3D000: database "MeterDb" does not exist
09/09/2026 12:28:57 PM: 3D000: database "MeterDb" does not exist
09/09/2026 12:31:33 PM: Meter MTR2: Current reading 760 is less than previous reading 800
09/09/2026 12:31:33 PM: Meter MTR4: No tariff found for SOLAR9
